[crawler] reusing LOBSTR_CRAWLER_ID from .env: b3362ab52c6fab3d8897af79cbba380e
[squid] reusing LOBSTR_SQUID_ID from .env: 8d9e0b80d6d2481283c138104caf022d
[tasks] reusing existing saved tasks (idempotent - no resubmission).
[run] reusing existing saved run id: 4524c3ce2ad848739b5f2aea4902657b (idempotent - no new paid Run created).
[poll] run 4524c3ce2ad848739b5f2aea4902657b: status=done total_results=1000 unique=1000
[results] page 1: 10 items (total_results=1000)
[results] page 2: 10 items (total_results=1000)
[results] page 3: 10 items (total_results=1000)
[results] page 4: 10 items (total_results=1000)
[results] page 5: 10 items (total_results=1000)
[results] page 6: 10 items (total_results=1000)
[results] page 7: 10 items (total_results=1000)
[results] page 8: 10 items (total_results=1000)
[results] page 9: 10 items (total_results=1000)
[results] page 10: 10 items (total_results=1000)
[results] page 11: 10 items (total_results=1000)
[results] page 12: 10 items (total_results=1000)
[results] page 13: 10 items (total_results=1000)
[results] page 14: 10 items (total_results=1000)
[results] page 15: 10 items (total_results=1000)
[results] page 16: 10 items (total_results=1000)
[results] page 17: 10 items (total_results=1000)
[results] page 18: 10 items (total_results=1000)
[results] page 19: 10 items (total_results=1000)
[results] page 20: 10 items (total_results=1000)
[results] page 21: 10 items (total_results=1000)
[results] page 22: 10 items (total_results=1000)
[results] page 23: 10 items (total_results=1000)
[results] page 24: 10 items (total_results=1000)
[results] page 25: 10 items (total_results=1000)
[results] page 26: 10 items (total_results=1000)
[results] page 27: 10 items (total_results=1000)
[results] page 28: 10 items (total_results=1000)
[results] page 29: 10 items (total_results=1000)
[results] page 30: 10 items (total_results=1000)
[results] page 31: 10 items (total_results=1000)
[results] page 32: 10 items (total_results=1000)
[results] page 33: 10 items (total_results=1000)
[results] page 34: 10 items (total_results=1000)
[results] page 35: 10 items (total_results=1000)
[results] page 36: 10 items (total_results=1000)
[results] page 37: 10 items (total_results=1000)
[results] page 38: 10 items (total_results=1000)
[results] page 39: 10 items (total_results=1000)
[results] page 40: 10 items (total_results=1000)
[results] page 41: 10 items (total_results=1000)
[results] page 42: 10 items (total_results=1000)
[results] page 43: 10 items (total_results=1000)
[results] page 44: 10 items (total_results=1000)
[results] page 45: 10 items (total_results=1000)
[results] page 46: 10 items (total_results=1000)
[results] page 47: 10 items (total_results=1000)
[results] page 48: 10 items (total_results=1000)
[results] page 49: 10 items (total_results=1000)
[results] page 50: 10 items (total_results=1000)
[results] page 51: 10 items (total_results=1000)
[results] page 52: 10 items (total_results=1000)
[results] page 53: 10 items (total_results=1000)
[results] page 54: 10 items (total_results=1000)
[results] page 55: 10 items (total_results=1000)
[results] page 56: 10 items (total_results=1000)
[results] page 57: 10 items (total_results=1000)
[results] page 58: 10 items (total_results=1000)
[results] page 59: 10 items (total_results=1000)
[results] page 60: 10 items (total_results=1000)
[results] page 61: 10 items (total_results=1000)
[results] page 62: 10 items (total_results=1000)
[results] page 63: 10 items (total_results=1000)
[results] page 64: 10 items (total_results=1000)
[results] page 65: 10 items (total_results=1000)
[results] page 66: 10 items (total_results=1000)
[results] page 67: 10 items (total_results=1000)
[results] page 68: 10 items (total_results=1000)
[results] page 69: 10 items (total_results=1000)
[results] page 70: 10 items (total_results=1000)
[results] page 71: 10 items (total_results=1000)
[results] page 72: 10 items (total_results=1000)
[results] page 73: 10 items (total_results=1000)
[results] page 74: 10 items (total_results=1000)
[results] page 75: 10 items (total_results=1000)
[results] page 76: 10 items (total_results=1000)
[results] page 77: 10 items (total_results=1000)
[results] page 78: 10 items (total_results=1000)
[results] page 79: 10 items (total_results=1000)
[results] page 80: 10 items (total_results=1000)
[results] page 81: 10 items (total_results=1000)
[results] page 82: 10 items (total_results=1000)
[results] page 83: 10 items (total_results=1000)
[results] page 84: 10 items (total_results=1000)
[results] page 85: 10 items (total_results=1000)
[results] page 86: 10 items (total_results=1000)
[results] page 87: 10 items (total_results=1000)
[results] page 88: 10 items (total_results=1000)
[results] page 89: 10 items (total_results=1000)
[results] page 90: 10 items (total_results=1000)
[results] page 91: 10 items (total_results=1000)
[results] page 92: 10 items (total_results=1000)
[results] page 93: 10 items (total_results=1000)
[results] page 94: 10 items (total_results=1000)
[results] page 95: 10 items (total_results=1000)
[results] page 96: 10 items (total_results=1000)
[results] page 97: 10 items (total_results=1000)
[results] page 98: 10 items (total_results=1000)
[results] page 99: 10 items (total_results=1000)
[results] page 100: 10 items (total_results=1000)
[results] page 101: 0 items (total_results=1000)
--- RUN COMPLETE ---
{
  "requested_reviews": 1000,
  "total_raw_records": 1000,
  "unattributed_records": 0,
  "valid_records": 1000,
  "unique_valid_reviews": 1000,
  "duplicate_records": 0,
  "domains_with_shortfall": [],
  "overall_success_rate_percent": 100,
  "run_status": "done",
  "run_succeeded": true,
  "outcome": "completed"
}
